src/actions/check-in-contracts.ts(266,11): error TS2353: Object literal may only specify known properties, and 'returnRoomTickets' does not exist in type 'ContractInclude<DefaultArgs>'.
src/actions/check-in-contracts.ts(312,11): error TS2353: Object literal may only specify known properties, and 'returnRoomTickets' does not exist in type 'ContractInclude<DefaultArgs>'.
src/actions/check-in-contracts.ts(522,30): error TS2339: Property 'returnRoomTicket' does not exist on type 'PrismaClient<never, GlobalOmitConfig | undefined, DefaultArgs>'.
src/actions/check-in-contracts.ts(532,35): error TS2339: Property 'reconciliationTicket' does not exist on type 'PrismaClient<never, GlobalOmitConfig | undefined, DefaultArgs>'.
src/actions/check-in-contracts.ts(542,30): error TS2339: Property 'returnRoomTicket' does not exist on type 'PrismaClient<never, GlobalOmitConfig | undefined, DefaultArgs>'.
src/actions/check-in-contracts.ts(571,9): error TS2353: Object literal may only specify known properties, and 'returnRoomTickets' does not exist in type 'ContractInclude<DefaultArgs>'.
src/actions/check-in-contracts.ts(586,18): error TS2339: Property 'returnRoomTickets' does not exist on type '{ id: string; code: string; createdAt: Date; updatedAt: Date; branchId: string; status: ContractStatus; rentalType: ContractRentalType; ... 12 more ...; documentConfirmed: boolean; }'.
src/actions/check-in-contracts.ts(593,33): error TS2339: Property 'returnRoomTicket' does not exist on type 'PrismaClient<never, GlobalOmitConfig | undefined, DefaultArgs>'.
src/actions/check-in-contracts.ts(641,33): error TS2339: Property 'returnRoomTicket' does not exist on type 'PrismaClient<never, GlobalOmitConfig | undefined, DefaultArgs>'.
src/actions/check-in-contracts.ts(666,39): error TS2339: Property 'reconciliationTicket' does not exist on type 'Omit<PrismaClient<never, undefined, DefaultArgs>, "$connect" | "$disconnect" | "$on" | "$use" | "$extends">'.
src/actions/check-in-contracts.ts(700,16): error TS2339: Property 'reconciliationDetail' does not exist on type 'Omit<PrismaClient<never, undefined, DefaultArgs>, "$connect" | "$disconnect" | "$on" | "$use" | "$extends">'.
src/actions/check-in-contracts.ts(705,18): error TS2339: Property 'reconciliationDetail' does not exist on type 'Omit<PrismaClient<never, undefined, DefaultArgs>, "$connect" | "$disconnect" | "$on" | "$use" | "$extends">'.
src/actions/check-in-contracts.ts(719,38): error TS2339: Property 'returnRoomTicket' does not exist on type 'Omit<PrismaClient<never, undefined, DefaultArgs>, "$connect" | "$disconnect" | "$on" | "$use" | "$extends">'.
src/actions/check-in-contracts.ts(733,40): error TS2339: Property 'returnRoomTicket' does not exist on type 'PrismaClient<never, GlobalOmitConfig | undefined, DefaultArgs>'.
src/actions/check-in-contracts.ts(761,33): error TS2339: Property 'returnRoomTicket' does not exist on type 'PrismaClient<never, GlobalOmitConfig | undefined, DefaultArgs>'.
src/actions/check-in-contracts.ts(786,34): error TS2339: Property 'returnRoomTicket' does not exist on type 'PrismaClient<never, GlobalOmitConfig | undefined, DefaultArgs>'.
src/actions/check-in-contracts.ts(828,33): error TS2339: Property 'returnRoomTicket' does not exist on type 'PrismaClient<never, GlobalOmitConfig | undefined, DefaultArgs>'.
src/actions/check-in-contracts.ts(883,60): error TS7006: Parameter 'detail' implicitly has an 'any' type.
src/actions/check-in-contracts.ts(887,44): error TS7006: Parameter 'bed' implicitly has an 'any' type.
src/actions/check-in-contracts.ts(916,18): error TS2339: Property 'returnRoomTicketBedUpdate' does not exist on type 'Omit<PrismaClient<never, undefined, DefaultArgs>, "$connect" | "$disconnect" | "$on" | "$use" | "$extends">'.
src/actions/check-in-contracts.ts(974,53): error TS7006: Parameter 'bed' implicitly has an 'any' type.
src/actions/check-in-contracts.ts(984,38): error TS2339: Property 'returnRoomTicket' does not exist on type 'Omit<PrismaClient<never, undefined, DefaultArgs>, "$connect" | "$disconnect" | "$on" | "$use" | "$extends">'.
src/actions/check-in-contracts.ts(1003,40): error TS2339: Property 'returnRoomTicket' does not exist on type 'PrismaClient<never, GlobalOmitConfig | undefined, DefaultArgs>'.
src/actions/check-in-contracts.ts(1210,32): error TS2339: Property 'returnRoomTicket' does not exist on type 'PrismaClient<never, GlobalOmitConfig | undefined, DefaultArgs>'.
src/actions/payment-slips.ts(207,30): error TS2339: Property 'reconciliationTicket' does not exist on type 'PrismaClient<never, GlobalOmitConfig | undefined, DefaultArgs>'.
src/actions/payment-slips.ts(260,33): error TS2339: Property 'reconciliationTicket' does not exist on type 'PrismaClient<never, GlobalOmitConfig | undefined, DefaultArgs>'.
src/actions/payment-slips.ts(280,16): error TS2339: Property 'reconciliationDetail' does not exist on type 'Omit<PrismaClient<never, undefined, DefaultArgs>, "$connect" | "$disconnect" | "$on" | "$use" | "$extends">'.
src/actions/payment-slips.ts(302,18): error TS2339: Property 'reconciliationDetail' does not exist on type 'Omit<PrismaClient<never, undefined, DefaultArgs>, "$connect" | "$disconnect" | "$on" | "$use" | "$extends">'.
src/actions/payment-slips.ts(315,32): error TS2339: Property 'reconciliationTicket' does not exist on type 'Omit<PrismaClient<never, undefined, DefaultArgs>, "$connect" | "$disconnect" | "$on" | "$use" | "$extends">'.
src/actions/payment-slips.ts(328,16): error TS2339: Property 'returnRoomTicket' does not exist on type 'Omit<PrismaClient<never, undefined, DefaultArgs>, "$connect" | "$disconnect" | "$on" | "$use" | "$extends">'.
src/actions/payment-slips.ts(341,36): error TS2339: Property 'reconciliationTicket' does not exist on type 'PrismaClient<never, GlobalOmitConfig | undefined, DefaultArgs>'.
src/actions/payment-slips.ts(369,33): error TS2339: Property 'reconciliationTicket' does not exist on type 'PrismaClient<never, GlobalOmitConfig | undefined, DefaultArgs>'.
src/actions/payment-slips.ts(401,34): error TS2339: Property 'returnRoomTicket' does not exist on type 'PrismaClient<never, GlobalOmitConfig | undefined, DefaultArgs>'.
src/actions/payment-slips.ts(446,33): error TS2339: Property 'reconciliationTicket' does not exist on type 'PrismaClient<never, GlobalOmitConfig | undefined, DefaultArgs>'.
src/actions/payment-slips.ts(456,34): error TS2339: Property 'returnRoomTicket' does not exist on type 'PrismaClient<never, GlobalOmitConfig | undefined, DefaultArgs>'.
src/actions/payment-slips.ts(477,33): error TS2339: Property 'reconciliationTicket' does not exist on type 'PrismaClient<never, GlobalOmitConfig | undefined, DefaultArgs>'.
src/actions/payment-slips.ts(524,11): error TS2353: Object literal may only specify known properties, and 'reconciliationTicketId' does not exist in type 'Without<PaymentCreateInput, PaymentUncheckedCreateInput> & PaymentUncheckedCreateInput'.
src/actions/payment-slips.ts(539,34): error TS2339: Property 'reconciliationTicket' does not exist on type 'PrismaClient<never, GlobalOmitConfig | undefined, DefaultArgs>'.
src/actions/payment-slips.ts(561,33): error TS2339: Property 'reconciliationTicket' does not exist on type 'PrismaClient<never, GlobalOmitConfig | undefined, DefaultArgs>'.
src/actions/payment-slips.ts(577,34): error TS2339: Property 'returnRoomTicket' does not exist on type 'PrismaClient<never, GlobalOmitConfig | undefined, DefaultArgs>'.
src/app/api/payment-slips/[id]/customer-response/route.ts(10,25): error TS2344: Type '"/api/payment-slips/[id]/customer-response"' does not satisfy the constraint '"/api/db-test"'.
src/app/api/payment-slips/[id]/customer-response/route.ts(12,11): error TS2339: Property 'id' does not exist on type 'unknown'.
src/app/api/payment-slips/[id]/transactions/route.ts(35,25): error TS2344: Type '"/api/payment-slips/[id]/transactions"' does not satisfy the constraint '"/api/db-test"'.
src/app/api/payment-slips/[id]/transactions/route.ts(37,11): error TS2339: Property 'id' does not exist on type 'unknown'.
src/components/return-room-tickets/logic/ticketWorkflowActions.ts(15,5): error TS2741: Property 'id' is missing in type '{ code: string; status: string; hygieneStatus: "passed" | "failed"; keycardStatus: "complete" | "missing"; hasDamageOrLoss: boolean; managerNotes: string; estimatedDeductions: { id: string; description: string; amount: number; source: "manager"; }[]; }' but required in type 'ReconciliationInfo'.
src/lib/return-room-tickets/mock-data.ts(124,5): error TS2741: Property 'id' is missing in type '{ code: string; status: string; hygieneStatus: "passed"; keycardStatus: "complete"; hasDamageOrLoss: true; managerNotes: string; estimatedDeductions: { id: string; description: string; amount: number; source: "manager"; }[]; }' but required in type 'ReconciliationInfo'.
src/lib/return-room-tickets/mock-data.ts(173,5): error TS2741: Property 'id' is missing in type '{ code: string; status: string; hygieneStatus: "failed"; keycardStatus: "complete"; hasDamageOrLoss: true; managerNotes: string; estimatedDeductions: { id: string; description: string; amount: number; source: "manager"; }[]; }' but required in type 'ReconciliationInfo'.
src/lib/return-room-tickets/mock-data.ts(252,5): error TS2741: Property 'id' is missing in type '{ code: string; status: string; hygieneStatus: "passed"; keycardStatus: "complete"; hasDamageOrLoss: false; managerNotes: string; estimatedDeductions: never[]; }' but required in type 'ReconciliationInfo'.
src/lib/return-room-tickets/mock-data.ts(304,5): error TS2741: Property 'id' is missing in type '{ code: string; status: string; hygieneStatus: "passed"; keycardStatus: "missing"; hasDamageOrLoss: false; managerNotes: string; estimatedDeductions: { id: string; description: string; amount: number; source: "manager"; }[]; }' but required in type 'ReconciliationInfo'.
src/lib/return-room-tickets/mock-data.ts(371,5): error TS2741: Property 'id' is missing in type '{ code: string; status: string; hygieneStatus: "passed"; keycardStatus: "complete"; hasDamageOrLoss: false; managerNotes: string; estimatedDeductions: never[]; }' but required in type 'ReconciliationInfo'.
